// Jest Snapshot v1, https://goo.gl/fbAQLP

exports[`renders correctly 1`] = `
<View
  style={
    Object {
      "alignItems": "center",
      "backgroundColor": "transparent",
      "borderBottomWidth": 0.5,
      "borderColor": "#D9D5DC",
      "borderLeftWidth": 0,
      "borderRightWidth": 0,
      "borderTopWidth": 0,
      "flexDirection": "row",
      "paddingLeft": 5,
    }
  }
  virtual={undefined}
/>
`;
